  CREATE_STREAM @0 {NAME:ahb_master_wait_state_sequences T:TVM SCOPE:uvm_test_top.tb.env.master_agent.sequencer STREAM:1}
BEGIN @0 {TXH:2 STREAM:1 NAME:ahb_master_wait_state_sequences TIME=0  TYPE="Begin_No_Parent, Link" LABEL:"" DESC=""}
BEGIN @25 {TXH:3 STREAM:1 NAME:req TIME=0  TYPE="Begin_End, Link" LABEL:"" DESC=""}
  LINK @25 {TXH1:2 TXH2:3 RELATION=child}
  CREATE_STREAM @45 {NAME:Driver_AHB_Master T:TVM SCOPE:uvm_test_top.tb.env.master_agent.driver STREAM:4}
BEGIN @45 {TXH:5 STREAM:4 NAME:req TIME=0  TYPE="Begin_End, Link" LABEL:"" DESC=""}
  LINK @45 {TXH1:2 TXH2:5 RELATION=child}
  SET_ATTR @485 {TXH:5 NAME:i_addr VALUE:0   RADIX:UVM_HEX BITS=32}
  SET_ATTR @485 {TXH:5 NAME:i_data VALUE:1860206690   RADIX:UVM_HEX BITS=32}
  SET_ATTR @485 {TXH:5 NAME:i_burst_type VALUE:375042166840   RADIX:UVM_STRING BITS=40}
  SET_ATTR @485 {TXH:5 NAME:i_data_size VALUE:341546752138120458228805   RADIX:UVM_STRING BITS=80}
  SET_ATTR @485 {TXH:5 NAME:haddr VALUE:X   RADIX:UVM_HEX BITS=32}
  SET_ATTR @485 {TXH:5 NAME:i_write VALUE:X   RADIX:UVM_HEX BITS=1}
  SET_ATTR @485 {TXH:5 NAME:i_wrap_en VALUE:X   RADIX:UVM_HEX BITS=1}
  SET_ATTR @485 {TXH:5 NAME:i_busy VALUE:X   RADIX:UVM_HEX BITS=1}
END @485 {TXH:5 TIME=0}
FREE @485 {TXH:5}
  SET_ATTR @485 {TXH:3 NAME:i_addr VALUE:0   RADIX:UVM_HEX BITS=32}
  SET_ATTR @485 {TXH:3 NAME:i_data VALUE:1860206690   RADIX:UVM_HEX BITS=32}
  SET_ATTR @485 {TXH:3 NAME:i_burst_type VALUE:375042166840   RADIX:UVM_STRING BITS=40}
  SET_ATTR @485 {TXH:3 NAME:i_data_size VALUE:341546752138120458228805   RADIX:UVM_STRING BITS=80}
  SET_ATTR @485 {TXH:3 NAME:haddr VALUE:X   RADIX:UVM_HEX BITS=32}
  SET_ATTR @485 {TXH:3 NAME:i_write VALUE:X   RADIX:UVM_HEX BITS=1}
  SET_ATTR @485 {TXH:3 NAME:i_wrap_en VALUE:X   RADIX:UVM_HEX BITS=1}
  SET_ATTR @485 {TXH:3 NAME:i_busy VALUE:X   RADIX:UVM_HEX BITS=1}
END @485 {TXH:3 TIME=0}
FREE @485 {TXH:3}
END @485 {TXH:2 TIME=0}
FREE @485 {TXH:2}
